// Jest Snapshot v1, https://goo.gl/fbAQLP

exports[`<Login /> matches the snapshot? 1`] = `
<div>
  <h1>
    This is Login
  </h1>
  <form>
    <input
      className="username-input"
    />
    <input
      className="password-input"
    />
    <input
      className="submit-button"
      type="submit"
    />
  </form>
</div>
`;

exports[`Button Component Matches the snapshot 1`] = `
<button>
  Nothing to do for now
</button>
`;
